package dev.nesk.validation.accessors

import dev.nesk.User
import dev.nesk.UserName
import dev.nesk.akkurate.Validatable
import kotlin.String
import kotlin.jvm.JvmName

public val Validatable<User>.name: Validatable<UserName?>
  @JvmName(name = "validatableUserName")
  get() = createValidatable(unwrap().name)

public val Validatable<User?>.name: Validatable<UserName?>
  @JvmName(name = "validatableNullableUserName")
  get() = createValidatable(unwrap()?.name)

public val Validatable<UserName>.text: Validatable<String>
  @JvmName(name = "validatableUserNameText")
  get() = createValidatable(unwrap().text)

public val Validatable<UserName?>.text: Validatable<String?>
  @JvmName(name = "validatableNullableUserNameText")
  get() = createValidatable(unwrap()?.text)
